[0.136s] Invoking command in '/home/abdul/wato_asd_training/build/costmap': /usr/bin/cmake /home/abdul/wato_asd_training/src/robot/costmap -DCMAKE_INSTALL_PREFIX=/home/abdul/wato_asd_training/install/costmap
[6.326s] [31mCMake Error at CMakeLists.txt:14 (find_package):
[6.326s]   By not providing "Findament_cmake.cmake" in CMAKE_MODULE_PATH this project
[6.326s]   has asked CMake to find a package configuration file provided by
[6.326s]   "ament_cmake", but CMake did not find one.
[6.327s] 
[6.327s]   Could not find a package configuration file provided by "ament_cmake" with
[6.327s]   any of the following names:
[6.327s] 
[6.327s]     ament_cmakeConfig.cmake
[6.327s]     ament_cmake-config.cmake
[6.327s] 
[6.327s]   Add the installation prefix of "ament_cmake" to CMAKE_PREFIX_PATH or set
[6.327s]   "ament_cmake_DIR" to a directory containing one of the above files.  If
[6.327s]   "ament_cmake" provides a separate development package or SDK, be sure it
[6.327s]   has been installed.
[6.327s] 
[6.327s] [0m
[6.328s] -- Configuring incomplete, errors occurred!
[6.355s] Invoked command in '/home/abdul/wato_asd_training/build/costmap' returned '1': /usr/bin/cmake /home/abdul/wato_asd_training/src/robot/costmap -DCMAKE_INSTALL_PREFIX=/home/abdul/wato_asd_training/install/costmap
